Archive member included to satisfy reference by file (symbol)

c:/st/stm32cubeide_1.4.0/stm32cubeide/plugins/com.st.stm32cube.ide.mcu.externaltools.gnu-tools-for-stm32.9-2020-q2-update.win32_2.0.0.202105311346/tools/bin/../lib/gcc/arm-none-eabi/9.3.1/../../../../arm-none-eabi/lib/thumb/v7e-m/nofp\libc_nano.a(lib_a-errno.o)
                              ./Src/syscalls.o (__errno)
c:/st/stm32cubeide_1.4.0/stm32cubeide/plugins/com.st.stm32cube.ide.mcu.externaltools.gnu-tools-for-stm32.9-2020-q2-update.win32_2.0.0.202105311346/tools/bin/../lib/gcc/arm-none-eabi/9.3.1/../../../../arm-none-eabi/lib/thumb/v7e-m/nofp\libc_nano.a(lib_a-exit.o)
                              c:/st/stm32cubeide_1.4.0/stm32cubeide/plugins/com.st.stm32cube.ide.mcu.externaltools.gnu-tools-for-stm32.9-2020-q2-update.win32_2.0.0.202105311346/tools/bin/../lib/gcc/arm-none-eabi/9.3.1/../../../../arm-none-eabi/lib/thumb/v7e-m/nofp/crt0.o (exit)
c:/st/stm32cubeide_1.4.0/stm32cubeide/plugins/com.st.stm32cube.ide.mcu.externaltools.gnu-tools-for-stm32.9-2020-q2-update.win32_2.0.0.202105311346/tools/bin/../lib/gcc/arm-none-eabi/9.3.1/../../../../arm-none-eabi/lib/thumb/v7e-m/nofp\libc_nano.a(lib_a-impure.o)
                              c:/st/stm32cubeide_1.4.0/stm32cubeide/plugins/com.st.stm32cube.ide.mcu.externaltools.gnu-tools-for-stm32.9-2020-q2-update.win32_2.0.0.202105311346/tools/bin/../lib/gcc/arm-none-eabi/9.3.1/../../../../arm-none-eabi/lib/thumb/v7e-m/nofp\libc_nano.a(lib_a-exit.o) (_global_impure_ptr)
c:/st/stm32cubeide_1.4.0/stm32cubeide/plugins/com.st.stm32cube.ide.mcu.externaltools.gnu-tools-for-stm32.9-2020-q2-update.win32_2.0.0.202105311346/tools/bin/../lib/gcc/arm-none-eabi/9.3.1/../../../../arm-none-eabi/lib/thumb/v7e-m/nofp\libc_nano.a(lib_a-init.o)
                              c:/st/stm32cubeide_1.4.0/stm32cubeide/plugins/com.st.stm32cube.ide.mcu.externaltools.gnu-tools-for-stm32.9-2020-q2-update.win32_2.0.0.202105311346/tools/bin/../lib/gcc/arm-none-eabi/9.3.1/../../../../arm-none-eabi/lib/thumb/v7e-m/nofp/crt0.o (__libc_init_array)
c:/st/stm32cubeide_1.4.0/stm32cubeide/plugins/com.st.stm32cube.ide.mcu.externaltools.gnu-tools-for-stm32.9-2020-q2-update.win32_2.0.0.202105311346/tools/bin/../lib/gcc/arm-none-eabi/9.3.1/../../../../arm-none-eabi/lib/thumb/v7e-m/nofp\libc_nano.a(lib_a-memset.o)
                              c:/st/stm32cubeide_1.4.0/stm32cubeide/plugins/com.st.stm32cube.ide.mcu.externaltools.gnu-tools-for-stm32.9-2020-q2-update.win32_2.0.0.202105311346/tools/bin/../lib/gcc/arm-none-eabi/9.3.1/../../../../arm-none-eabi/lib/thumb/v7e-m/nofp/crt0.o (memset)

Discarded input sections

 .text          0x0000000000000000        0x0 c:/st/stm32cubeide_1.4.0/stm32cubeide/plugins/com.st.stm32cube.ide.mcu.externaltools.gnu-tools-for-stm32.9-2020-q2-update.win32_2.0.0.202105311346/tools/bin/../lib/gcc/arm-none-eabi/9.3.1/thumb/v7e-m/nofp/crti.o
 .data          0x0000000000000000        0x0 c:/st/stm32cubeide_1.4.0/stm32cubeide/plugins/com.st.stm32cube.ide.mcu.externaltools.gnu-tools-for-stm32.9-2020-q2-update.win32_2.0.0.202105311346/tools/bin/../lib/gcc/arm-none-eabi/9.3.1/thumb/v7e-m/nofp/crti.o
 .bss           0x0000000000000000        0x0 c:/st/stm32cubeide_1.4.0/stm32cubeide/plugins/com.st.stm32cube.ide.mcu.externaltools.gnu-tools-for-stm32.9-2020-q2-update.win32_2.0.0.202105311346/tools/bin/../lib/gcc/arm-none-eabi/9.3.1/thumb/v7e-m/nofp/crti.o
 .data          0x0000000000000000        0x4 c:/st/stm32cubeide_1.4.0/stm32cubeide/plugins/com.st.stm32cube.ide.mcu.externaltools.gnu-tools-for-stm32.9-2020-q2-update.win32_2.0.0.202105311346/tools/bin/../lib/gcc/arm-none-eabi/9.3.1/thumb/v7e-m/nofp/crtbegin.o
 .text          0x0000000000000000       0x7c c:/st/stm32cubeide_1.4.0/stm32cubeide/plugins/com.st.stm32cube.ide.mcu.externaltools.gnu-tools-for-stm32.9-2020-q2-update.win32_2.0.0.202105311346/tools/bin/../lib/gcc/arm-none-eabi/9.3.1/../../../../arm-none-eabi/lib/thumb/v7e-m/nofp/crt0.o
 .data          0x0000000000000000        0x0 c:/st/stm32cubeide_1.4.0/stm32cubeide/plugins/com.st.stm32cube.ide.mcu.externaltools.gnu-tools-for-stm32.9-2020-q2-update.win32_2.0.0.202105311346/tools/bin/../lib/gcc/arm-none-eabi/9.3.1/../../../../arm-none-eabi/lib/thumb/v7e-m/nofp/crt0.o
 .bss           0x0000000000000000        0x0 c:/st/stm32cubeide_1.4.0/stm32cubeide/plugins/com.st.stm32cube.ide.mcu.externaltools.gnu-tools-for-stm32.9-2020-q2-update.win32_2.0.0.202105311346/tools/bin/../lib/gcc/arm-none-eabi/9.3.1/../../../../arm-none-eabi/lib/thumb/v7e-m/nofp/crt0.o
 .ARM.extab     0x0000000000000000        0x0 c:/st/stm32cubeide_1.4.0/stm32cubeide/plugins/com.st.stm32cube.ide.mcu.externaltools.gnu-tools-for-stm32.9-2020-q2-update.win32_2.0.0.202105311346/tools/bin/../lib/gcc/arm-none-eabi/9.3.1/../../../../arm-none-eabi/lib/thumb/v7e-m/nofp/crt0.o
 .ARM.exidx     0x0000000000000000       0x10 c:/st/stm32cubeide_1.4.0/stm32cubeide/plugins/com.st.stm32cube.ide.mcu.externaltools.gnu-tools-for-stm32.9-2020-q2-update.win32_2.0.0.202105311346/tools/bin/../lib/gcc/arm-none-eabi/9.3.1/../../../../arm-none-eabi/lib/thumb/v7e-m/nofp/crt0.o
 .ARM.attributes
                0x0000000000000000       0x1c c:/st/stm32cubeide_1.4.0/stm32cubeide/plugins/com.st.stm32cube.ide.mcu.externaltools.gnu-tools-for-stm32.9-2020-q2-update.win32_2.0.0.202105311346/tools/bin/../lib/gcc/arm-none-eabi/9.3.1/../../../../arm-none-eabi/lib/thumb/v7e-m/nofp/crt0.o
 .group         0x0000000000000000        0xc ./Src/main.o
 .group         0x0000000000000000        0xc ./Src/main.o
 .group         0x0000000000000000        0xc ./Src/main.o
 .group         0x0000000000000000        0xc ./Src/main.o
 .group         0x0000000000000000        0xc ./Src/main.o
 .group         0x0000000000000000        0xc ./Src/main.o
 .group         0x0000000000000000        0xc ./Src/main.o
 .group         0x0000000000000000        0xc ./Src/main.o
 .group         0x0000000000000000        0xc ./Src/main.o
 .group         0x0000000000000000        0xc ./Src/main.o
 .group         0x0000000000000000        0xc ./Src/main.o
 .group         0x0000000000000000        0xc ./Src/main.o
 .group         0x0000000000000000        0xc ./Src/main.o
 .group         0x0000000000000000        0xc ./Src/main.o
 .group         0x0000000000000000        0xc ./Src/main.o
 .group         0x0000000000000000        0xc ./Src/main.o
 .group         0x0000000000000000        0xc ./Src/main.o
 .group         0x0000000000000000        0xc ./Src/main.o
 .group         0x0000000000000000        0xc ./Src/main.o
 .group         0x0000000000000000        0xc ./Src/main.o
 .group         0x0000000000000000        0xc ./Src/main.o
 .group         0x0000000000000000        0xc ./Src/main.o
 .group         0x0000000000000000        0xc ./Src/main.o
 .group         0x0000000000000000        0xc ./Src/main.o
 .group         0x0000000000000000        0xc ./Src/main.o
 .group         0x0000000000000000        0xc ./Src/main.o
 .group         0x0000000000000000        0xc ./Src/main.o
 .group         0x0000000000000000        0xc ./Src/main.o
 .group         0x0000000000000000        0xc ./Src/main.o
 .group         0x0000000000000000        0xc ./Src/main.o
 .group         0x0000000000000000        0xc ./Src/main.o
 .group         0x0000000000000000        0xc ./Src/main.o
 .group         0x0000000000000000        0xc ./Src/main.o
 .group         0x0000000000000000        0xc ./Src/main.o
 .group         0x0000000000000000        0xc ./Src/main.o
 .group         0x0000000000000000        0xc ./Src/main.o
 .group         0x0000000000000000        0xc ./Src/main.o
 .group         0x0000000000000000        0xc ./Src/main.o
 .group         0x0000000000000000        0xc ./Src/main.o
 .group         0x0000000000000000        0xc ./Src/main.o
 .group         0x0000000000000000        0xc ./Src/main.o
 .group         0x0000000000000000        0xc ./Src/main.o
 .group         0x0000000000000000        0xc ./Src/main.o
 .text          0x0000000000000000        0x0 ./Src/main.o
 .data          0x0000000000000000        0x0 ./Src/main.o
 .bss           0x0000000000000000        0x0 ./Src/main.o
 .group         0x0000000000000000        0xc ./Src/stm32f407xx_exti.o
 .group         0x0000000000000000        0xc ./Src/stm32f407xx_exti.o
 .group         0x0000000000000000        0xc ./Src/stm32f407xx_exti.o
 .group         0x0000000000000000        0xc ./Src/stm32f407xx_exti.o
 .group         0x0000000000000000        0xc ./Src/stm32f407xx_exti.o
 .group         0x0000000000000000        0xc ./Src/stm32f407xx_exti.o
 .group         0x0000000000000000        0xc ./Src/stm32f407xx_exti.o
 .group         0x0000000000000000        0xc ./Src/stm32f407xx_exti.o
 .group         0x0000000000000000        0xc ./Src/stm32f407xx_exti.o
 .group         0x0000000000000000        0xc ./Src/stm32f407xx_exti.o
 .group         0x0000000000000000        0xc ./Src/stm32f407xx_exti.o
 .group         0x0000000000000000        0xc ./Src/stm32f407xx_exti.o
 .group         0x0000000000000000        0xc ./Src/stm32f407xx_exti.o
 .group         0x0000000000000000        0xc ./Src/stm32f407xx_exti.o
 .group         0x0000000000000000        0xc ./Src/stm32f407xx_exti.o
 .group         0x0000000000000000        0xc ./Src/stm32f407xx_exti.o
 .group         0x0000000000000000        0xc ./Src/stm32f407xx_exti.o
 .group         0x0000000000000000        0xc ./Src/stm32f407xx_exti.o
 .group         0x0000000000000000        0xc ./Src/stm32f407xx_exti.o
 .group         0x0000000000000000        0xc ./Src/stm32f407xx_exti.o
 .group         0x0000000000000000        0xc ./Src/stm32f407xx_exti.o
 .group         0x0000000000000000        0xc ./Src/stm32f407xx_exti.o
 .group         0x0000000000000000        0xc ./Src/stm32f407xx_exti.o
 .group         0x0000000000000000        0xc ./Src/stm32f407xx_exti.o
 .group         0x0000000000000000        0xc ./Src/stm32f407xx_exti.o
 .group         0x0000000000000000        0xc ./Src/stm32f407xx_exti.o
 .group         0x0000000000000000        0xc ./Src/stm32f407xx_exti.o
 .group         0x0000000000000000        0xc ./Src/stm32f407xx_exti.o
 .group         0x0000000000000000        0xc ./Src/stm32f407xx_exti.o
 .group         0x0000000000000000        0xc ./Src/stm32f407xx_exti.o
 .group         0x0000000000000000        0xc ./Src/stm32f407xx_exti.o
 .group         0x0000000000000000        0xc ./Src/stm32f407xx_exti.o
 .group         0x0000000000000000        0xc ./Src/stm32f407xx_exti.o
 .group         0x0000000000000000        0xc ./Src/stm32f407xx_exti.o
 .group         0x0000000000000000        0xc ./Src/stm32f407xx_exti.o
 .group         0x0000000000000000        0xc ./Src/stm32f407xx_exti.o
 .group         0x0000000000000000        0xc ./Src/stm32f407xx_exti.o
 .group         0x0000000000000000        0xc ./Src/stm32f407xx_exti.o
 .group         0x0000000000000000        0xc ./Src/stm32f407xx_exti.o
 .group         0x0000000000000000        0xc ./Src/stm32f407xx_exti.o
 .group         0x0000000000000000        0xc ./Src/stm32f407xx_exti.o
 .group         0x0000000000000000        0xc ./Src/stm32f407xx_exti.o
 .text          0x0000000000000000        0x0 ./Src/stm32f407xx_exti.o
 .data          0x0000000000000000        0x0 ./Src/stm32f407xx_exti.o
 .bss           0x0000000000000000        0x0 ./Src/stm32f407xx_exti.o
 .text.EXTI_Init
                0x0000000000000000      0x1a4 ./Src/stm32f407xx_exti.o
 .text.EXTI_GenerateSWInterrupt
                0x0000000000000000       0x2c ./Src/stm32f407xx_exti.o
 .text.EXTI_ClearITPendingBit
                0x0000000000000000       0x40 ./Src/stm32f407xx_exti.o
 .text.EXTI_IRQInterruptConfig
                0x0000000000000000      0x108 ./Src/stm32f407xx_exti.o
 .text.EXTI_IRQPriorityConfig
                0x0000000000000000       0x52 ./Src/stm32f407xx_exti.o
 .debug_info    0x0000000000000000      0xe70 ./Src/stm32f407xx_exti.o
 .debug_abbrev  0x0000000000000000      0x1db ./Src/stm32f407xx_exti.o
 .debug_aranges
                0x0000000000000000       0x40 ./Src/stm32f407xx_exti.o
 .debug_ranges  0x0000000000000000       0x30 ./Src/stm32f407xx_exti.o
 .debug_macro   0x0000000000000000      0x216 ./Src/stm32f407xx_exti.o
 .debug_macro   0x0000000000000000      0xaa8 ./Src/stm32f407xx_exti.o
 .debug_macro   0x0000000000000000       0x22 ./Src/stm32f407xx_exti.o
 .debug_macro   0x0000000000000000       0x4c ./Src/stm32f407xx_exti.o
 .debug_macro   0x0000000000000000       0x18 ./Src/stm32f407xx_exti.o
 .debug_macro   0x0000000000000000       0x94 ./Src/stm32f407xx_exti.o
 .debug_macro   0x0000000000000000       0x3c ./Src/stm32f407xx_exti.o
 .debug_macro   0x0000000000000000       0x34 ./Src/stm32f407xx_exti.o
 .debug_macro   0x0000000000000000       0x16 ./Src/stm32f407xx_exti.o
 .debug_macro   0x0000000000000000       0x57 ./Src/stm32f407xx_exti.o
 .debug_macro   0x0000000000000000       0x97 ./Src/stm32f407xx_exti.o
 .debug_macro   0x0000000000000000      0x339 ./Src/stm32f407xx_exti.o
 .debug_macro   0x0000000000000000       0xfd ./Src/stm32f407xx_exti.o
 .debug_macro   0x0000000000000000       0x10 ./Src/stm32f407xx_exti.o
 .debug_macro   0x0000000000000000       0x16 ./Src/stm32f407xx_exti.o
 .debug_macro   0x0000000000000000       0x43 ./Src/stm32f407xx_exti.o
 .debug_macro   0x0000000000000000       0x34 ./Src/stm32f407xx_exti.o
 .debug_macro   0x0000000000000000       0x10 ./Src/stm32f407xx_exti.o
 .debug_macro   0x0000000000000000       0x58 ./Src/stm32f407xx_exti.o
 .debug_macro   0x0000000000000000       0x71 ./Src/stm32f407xx_exti.o
 .debug_macro   0x0000000000000000       0x1c ./Src/stm32f407xx_exti.o
 .debug_macro   0x0000000000000000      0x12a ./Src/stm32f407xx_exti.o
 .debug_macro   0x0000000000000000       0x10 ./Src/stm32f407xx_exti.o
 .debug_macro   0x0000000000000000       0x6a ./Src/stm32f407xx_exti.o
 .debug_macro   0x0000000000000000       0x1c ./Src/stm32f407xx_exti.o
 .debug_macro   0x0000000000000000       0x52 ./Src/stm32f407xx_exti.o
 .debug_macro   0x0000000000000000       0x22 ./Src/stm32f407xx_exti.o
 .debug_macro   0x0000000000000000       0x10 ./Src/stm32f407xx_exti.o
 .debug_macro   0x0000000000000000       0x40 ./Src/stm32f407xx_exti.o
 .debug_macro   0x0000000000000000       0xd5 ./Src/stm32f407xx_exti.o
 .debug_macro   0x0000000000000000       0x1c ./Src/stm32f407xx_exti.o
 .debug_macro   0x0000000000000000       0x3d ./Src/stm32f407xx_exti.o
 .debug_macro   0x0000000000000000       0x16 ./Src/stm32f407xx_exti.o
 .debug_macro   0x0000000000000000      0x145 ./Src/stm32f407xx_exti.o
 .debug_macro   0x0000000000000000       0x16 ./Src/stm32f407xx_exti.o
 .debug_macro   0x0000000000000000       0x35 ./Src/stm32f407xx_exti.o
 .debug_macro   0x0000000000000000       0x16 ./Src/stm32f407xx_exti.o
 .debug_macro   0x0000000000000000       0x29 ./Src/stm32f407xx_exti.o
 .debug_macro   0x0000000000000000      0x103 ./Src/stm32f407xx_exti.o
 .debug_macro   0x0000000000000000      0x1df ./Src/stm32f407xx_exti.o
 .debug_macro   0x0000000000000000      0x2c9 ./Src/stm32f407xx_exti.o
 .debug_macro   0x0000000000000000       0x64 ./Src/stm32f407xx_exti.o
 .debug_macro   0x0000000000000000       0x6a ./Src/stm32f407xx_exti.o
 .debug_line    0x0000000000000000      0x810 ./Src/stm32f407xx_exti.o
 .debug_str     0x0000000000000000     0x93c1 ./Src/stm32f407xx_exti.o
 .comment       0x0000000000000000       0x54 ./Src/stm32f407xx_exti.o
 .debug_frame   0x0000000000000000       0xd8 ./Src/stm32f407xx_exti.o
 .ARM.attributes
                0x0000000000000000       0x2e ./Src/stm32f407xx_exti.o
 .group         0x0000000000000000        0xc ./Src/stm32f407xx_gpio.o
 .group         0x0000000000000000        0xc ./Src/stm32f407xx_gpio.o
 .group         0x0000000000000000        0xc ./Src/stm32f407xx_gpio.o
 .group         0x0000000000000000        0xc ./Src/stm32f407xx_gpio.o
 .group         0x0000000000000000        0xc ./Src/stm32f407xx_gpio.o
 .group         0x0000000000000000        0xc ./Src/stm32f407xx_gpio.o
 .group         0x0000000000000000        0xc ./Src/stm32f407xx_gpio.o
 .group         0x0000000000000000        0xc ./Src/stm32f407xx_gpio.o
 .group         0x0000000000000000        0xc ./Src/stm32f407xx_gpio.o
 .group         0x0000000000000000        0xc ./Src/stm32f407xx_gpio.o
 .group         0x0000000000000000        0xc ./Src/stm32f407xx_gpio.o
 .group         0x0000000000000000        0xc ./Src/stm32f407xx_gpio.o
 .group         0x0000000000000000        0xc ./Src/stm32f407xx_gpio.o
 .group         0x0000000000000000        0xc ./Src/stm32f407xx_gpio.o
 .group         0x0000000000000000        0xc ./Src/stm32f407xx_gpio.o
 .group         0x0000000000000000        0xc ./Src/stm32f407xx_gpio.o
 .group         0x0000000000000000        0xc ./Src/stm32f407xx_gpio.o
 .group         0x0000000000000000        0xc ./Src/stm32f407xx_gpio.o
 .group         0x0000000000000000        0xc ./Src/stm32f407xx_gpio.o
 .group         0x0000000000000000        0xc ./Src/stm32f407xx_gpio.o
 .group         0x0000000000000000        0xc ./Src/stm32f407xx_gpio.o
 .group         0x0000000000000000        0xc ./Src/stm32f407xx_gpio.o
 .group         0x0000000000000000        0xc ./Src/stm32f407xx_gpio.o
 .group         0x0000000000000000        0xc ./Src/stm32f407xx_gpio.o
 .group         0x0000000000000000        0xc ./Src/stm32f407xx_gpio.o
 .group         0x0000000000000000        0xc ./Src/stm32f407xx_gpio.o
 .group         0x0000000000000000        0xc ./Src/stm32f407xx_gpio.o
 .group         0x0000000000000000        0xc ./Src/stm32f407xx_gpio.o
 .group         0x0000000000000000        0xc ./Src/stm32f407xx_gpio.o
 .group         0x0000000000000000        0xc ./Src/stm32f407xx_gpio.o
 .group         0x0000000000000000        0xc ./Src/stm32f407xx_gpio.o
 .group         0x0000000000000000        0xc ./Src/stm32f407xx_gpio.o
 .group         0x0000000000000000        0xc ./Src/stm32f407xx_gpio.o
 .group         0x0000000000000000        0xc ./Src/stm32f407xx_gpio.o
 .group         0x0000000000000000        0xc ./Src/stm32f407xx_gpio.o
 .group         0x0000000000000000        0xc ./Src/stm32f407xx_gpio.o
 .group         0x0000000000000000        0xc ./Src/stm32f407xx_gpio.o
 .group         0x0000000000000000        0xc ./Src/stm32f407xx_gpio.o
 .group         0x0000000000000000        0xc ./Src/stm32f407xx_gpio.o
 .group         0x0000000000000000        0xc ./Src/stm32f407xx_gpio.o
 .group         0x0000000000000000        0xc ./Src/stm32f407xx_gpio.o
 .text          0x0000000000000000        0x0 ./Src/stm32f407xx_gpio.o
 .data          0x0000000000000000        0x0 ./Src/stm32f407xx_gpio.o
 .bss           0x0000000000000000        0x0 ./Src/stm32f407xx_gpio.o
 .text.wait     0x0000000000000000       0x2c ./Src/stm32f407xx_gpio.o
 .text.debounce
                0x0000000000000000       0x2c ./Src/stm32f407xx_gpio.o
 .text.GPIO_ToggleBit
                0x0000000000000000       0x2a ./Src/stm32f407xx_gpio.o
 .text.GPIO_SetBit
                0x0000000000000000       0x28 ./Src/stm32f407xx_gpio.o
 .text.GPIO_ResetBit
                0x0000000000000000       0x2a ./Src/stm32f407xx_gpio.o
 .text.GPIO_ReadFromInputPin
                0x0000000000000000       0x2a ./Src/stm32f407xx_gpio.o
 .debug_macro   0x0000000000000000      0xaa8 ./Src/stm32f407xx_gpio.o
 .debug_macro   0x0000000000000000       0x22 ./Src/stm32f407xx_gpio.o
 .debug_macro   0x0000000000000000       0x4c ./Src/stm32f407xx_gpio.o
 .debug_macro   0x0000000000000000       0x18 ./Src/stm32f407xx_gpio.o
 .debug_macro   0x0000000000000000       0x94 ./Src/stm32f407xx_gpio.o
 .debug_macro   0x0000000000000000       0x3c ./Src/stm32f407xx_gpio.o
 .debug_macro   0x0000000000000000       0x34 ./Src/stm32f407xx_gpio.o
 .debug_macro   0x0000000000000000       0x16 ./Src/stm32f407xx_gpio.o
 .debug_macro   0x0000000000000000       0x57 ./Src/stm32f407xx_gpio.o
 .debug_macro   0x0000000000000000       0x97 ./Src/stm32f407xx_gpio.o
 .debug_macro   0x0000000000000000      0x339 ./Src/stm32f407xx_gpio.o
 .debug_macro   0x0000000000000000       0xfd ./Src/stm32f407xx_gpio.o
 .debug_macro   0x0000000000000000       0x10 ./Src/stm32f407xx_gpio.o
 .debug_macro   0x0000000000000000       0x16 ./Src/stm32f407xx_gpio.o
 .debug_macro   0x0000000000000000       0x43 ./Src/stm32f407xx_gpio.o
 .debug_macro   0x0000000000000000       0x34 ./Src/stm32f407xx_gpio.o
 .debug_macro   0x0000000000000000       0x10 ./Src/stm32f407xx_gpio.o
 .debug_macro   0x0000000000000000       0x58 ./Src/stm32f407xx_gpio.o
 .debug_macro   0x0000000000000000       0x71 ./Src/stm32f407xx_gpio.o
 .debug_macro   0x0000000000000000       0x1c ./Src/stm32f407xx_gpio.o
 .debug_macro   0x0000000000000000      0x12a ./Src/stm32f407xx_gpio.o
 .debug_macro   0x0000000000000000       0x10 ./Src/stm32f407xx_gpio.o
 .debug_macro   0x0000000000000000       0x6a ./Src/stm32f407xx_gpio.o
 .debug_macro   0x0000000000000000       0x1c ./Src/stm32f407xx_gpio.o
 .debug_macro   0x0000000000000000       0x52 ./Src/stm32f407xx_gpio.o
 .debug_macro   0x0000000000000000       0x22 ./Src/stm32f407xx_gpio.o
 .debug_macro   0x0000000000000000       0x10 ./Src/stm32f407xx_gpio.o
 .debug_macro   0x0000000000000000       0x40 ./Src/stm32f407xx_gpio.o
 .debug_macro   0x0000000000000000       0xd5 ./Src/stm32f407xx_gpio.o
 .debug_macro   0x0000000000000000       0x1c ./Src/stm32f407xx_gpio.o
 .debug_macro   0x0000000000000000       0x3d ./Src/stm32f407xx_gpio.o
 .debug_macro   0x0000000000000000       0x16 ./Src/stm32f407xx_gpio.o
 .debug_macro   0x0000000000000000      0x145 ./Src/stm32f407xx_gpio.o
 .debug_macro   0x0000000000000000       0x16 ./Src/stm32f407xx_gpio.o
 .debug_macro   0x0000000000000000       0x35 ./Src/stm32f407xx_gpio.o
 .debug_macro   0x0000000000000000       0x16 ./Src/stm32f407xx_gpio.o
 .debug_macro   0x0000000000000000       0x29 ./Src/stm32f407xx_gpio.o
 .debug_macro   0x0000000000000000      0x103 ./Src/stm32f407xx_gpio.o
 .debug_macro   0x0000000000000000      0x1df ./Src/stm32f407xx_gpio.o
 .debug_macro   0x0000000000000000      0x2c9 ./Src/stm32f407xx_gpio.o
 .debug_macro   0x0000000000000000       0x64 ./Src/stm32f407xx_gpio.o
 .group         0x0000000000000000        0xc ./Src/stm32f407xx_spi.o
 .group         0x0000000000000000        0xc ./Src/stm32f407xx_spi.o
 .group         0x0000000000000000        0xc ./Src/stm32f407xx_spi.o
 .group         0x0000000000000000        0xc ./Src/stm32f407xx_spi.o
 .group         0x0000000000000000        0xc ./Src/stm32f407xx_spi.o
 .group         0x0000000000000000        0xc ./Src/stm32f407xx_spi.o
 .group         0x0000000000000000        0xc ./Src/stm32f407xx_spi.o
 .group         0x0000000000000000        0xc ./Src/stm32f407xx_spi.o
 .group         0x0000000000000000        0xc ./Src/stm32f407xx_spi.o
 .text          0x0000000000000000        0x0 ./Src/stm32f407xx_spi.o
 .data          0x0000000000000000        0x0 ./Src/stm32f407xx_spi.o
 .bss           0x0000000000000000        0x0 ./Src/stm32f407xx_spi.o
 .text.SPI_SendData
                0x0000000000000000       0x16 ./Src/stm32f407xx_spi.o
 .text.SPI_ReceiveData
                0x0000000000000000       0x16 ./Src/stm32f407xx_spi.o
 .text.SPI_IRQInterruptConfig
                0x0000000000000000       0x1a ./Src/stm32f407xx_spi.o
 .text.SPI_IRQPriorityConfig
                0x0000000000000000       0x16 ./Src/stm32f407xx_spi.o
 .debug_macro   0x0000000000000000      0xaa8 ./Src/stm32f407xx_spi.o
 .debug_macro   0x0000000000000000       0x22 ./Src/stm32f407xx_spi.o
 .debug_macro   0x0000000000000000      0x103 ./Src/stm32f407xx_spi.o
 .debug_macro   0x0000000000000000       0x6a ./Src/stm32f407xx_spi.o
 .debug_macro   0x0000000000000000      0x1df ./Src/stm32f407xx_spi.o
 .group         0x0000000000000000        0xc ./Src/syscalls.o
 .group         0x0000000000000000        0xc ./Src/syscalls.o
 .group         0x0000000000000000        0xc ./Src/syscalls.o
 .group         0x0000000000000000        0xc ./Src/syscalls.o
 .group         0x0000000000000000        0xc ./Src/syscalls.o
 .group         0x0000000000000000        0xc ./Src/syscalls.o
 .group         0x0000000000000000        0xc ./Src/syscalls.o
 .group         0x0000000000000000        0xc ./Src/syscalls.o
 .group         0x0000000000000000        0xc ./Src/syscalls.o
 .group         0x0000000000000000        0xc ./Src/syscalls.o
 .group         0x0000000000000000        0xc ./Src/syscalls.o
 .group         0x0000000000000000        0xc ./Src/syscalls.o
 .group         0x0000000000000000        0xc ./Src/syscalls.o
 .group         0x0000000000000000        0xc ./Src/syscalls.o
 .group         0x0000000000000000        0xc ./Src/syscalls.o
 .group         0x0000000000000000        0xc ./Src/syscalls.o
 .group         0x0000000000000000        0xc ./Src/syscalls.o
 .group         0x0000000000000000        0xc ./Src/syscalls.o
 .group         0x0000000000000000        0xc ./Src/syscalls.o
 .group         0x0000000000000000        0xc ./Src/syscalls.o
 .group         0x0000000000000000        0xc ./Src/syscalls.o
 .group         0x0000000000000000        0xc ./Src/syscalls.o
 .group         0x0000000000000000        0xc ./Src/syscalls.o
 .group         0x0000000000000000        0xc ./Src/syscalls.o
 .group         0x0000000000000000        0xc ./Src/syscalls.o
 .group         0x0000000000000000        0xc ./Src/syscalls.o
 .group         0x0000000000000000        0xc ./Src/syscalls.o
 .group         0x0000000000000000        0xc ./Src/syscalls.o
 .group         0x0000000000000000        0xc ./Src/syscalls.o
 .group         0x0000000000000000        0xc ./Src/syscalls.o
 .group         0x0000000000000000        0xc ./Src/syscalls.o
 .group         0x0000000000000000        0xc ./Src/syscalls.o
 .group         0x0000000000000000        0xc ./Src/syscalls.o
 .group         0x0000000000000000        0xc ./Src/syscalls.o
 .group         0x0000000000000000        0xc ./Src/syscalls.o
 .group         0x0000000000000000        0xc ./Src/syscalls.o
 .group         0x0000000000000000        0xc ./Src/syscalls.o
 .group         0x0000000000000000        0xc ./Src/syscalls.o
 .group         0x0000000000000000        0xc ./Src/syscalls.o
 .group         0x0000000000000000        0xc ./Src/syscalls.o
 .group         0x0000000000000000        0xc ./Src/syscalls.o
 .group         0x0000000000000000        0xc ./Src/syscalls.o
 .group         0x0000000000000000        0xc ./Src/syscalls.o
 .group         0x0000000000000000        0xc ./Src/syscalls.o
 .group         0x0000000000000000        0xc ./Src/syscalls.o
 .group         0x0000000000000000        0xc ./Src/syscalls.o
 .group         0x0000000000000000        0xc ./Src/syscalls.o
 .text          0x0000000000000000        0x0 ./Src/syscalls.o
 .data          0x0000000000000000        0x0 ./Src/syscalls.o
 .bss           0x0000000000000000        0x0 ./Src/syscalls.o
 .text.ITM_SendChar
                0x0000000000000000       0x4c ./Src/syscalls.o
 .bss.__env     0x0000000000000000        0x4 ./Src/syscalls.o
 .data.environ  0x0000000000000000        0x4 ./Src/syscalls.o
 .text.initialise_monitor_handles
                0x0000000000000000        0xc ./Src/syscalls.o
 .text._getpid  0x0000000000000000        0xe ./Src/syscalls.o
 .text._kill    0x0000000000000000       0x20 ./Src/syscalls.o
 .text._exit    0x0000000000000000       0x14 ./Src/syscalls.o
 .text._read    0x0000000000000000       0x3a ./Src/syscalls.o
 .text._write   0x0000000000000000       0x38 ./Src/syscalls.o
 .text._close   0x0000000000000000       0x16 ./Src/syscalls.o
 .text._fstat   0x0000000000000000       0x1e ./Src/syscalls.o
 .text._isatty  0x0000000000000000       0x14 ./Src/syscalls.o
 .text._lseek   0x0000000000000000       0x18 ./Src/syscalls.o
 .text._open    0x0000000000000000       0x1a ./Src/syscalls.o
 .text._wait    0x0000000000000000       0x1e ./Src/syscalls.o
 .text._unlink  0x0000000000000000       0x1e ./Src/syscalls.o
 .text._times   0x0000000000000000       0x16 ./Src/syscalls.o
 .text._stat    0x0000000000000000       0x1e ./Src/syscalls.o
 .text._link    0x0000000000000000       0x20 ./Src/syscalls.o
 .text._fork    0x0000000000000000       0x16 ./Src/syscalls.o
 .text._execve  0x0000000000000000       0x22 ./Src/syscalls.o
 .debug_info    0x0000000000000000      0xfed ./Src/syscalls.o
 .debug_abbrev  0x0000000000000000      0x2a0 ./Src/syscalls.o
 .debug_aranges
                0x0000000000000000       0xb0 ./Src/syscalls.o
 .debug_ranges  0x0000000000000000       0xa0 ./Src/syscalls.o
 .debug_macro   0x0000000000000000      0x25e ./Src/syscalls.o
 .debug_macro   0x0000000000000000      0xaa8 ./Src/syscalls.o
 .debug_macro   0x0000000000000000       0x22 ./Src/syscalls.o
 .debug_macro   0x0000000000000000       0x4c ./Src/syscalls.o
 .debug_macro   0x0000000000000000       0x18 ./Src/syscalls.o
 .debug_macro   0x0000000000000000       0x94 ./Src/syscalls.o
 .debug_macro   0x0000000000000000       0x3c ./Src/syscalls.o
 .debug_macro   0x0000000000000000       0x34 ./Src/syscalls.o
 .debug_macro   0x0000000000000000       0x57 ./Src/syscalls.o
 .debug_macro   0x0000000000000000      0x174 ./Src/syscalls.o
 .debug_macro   0x0000000000000000      0x339 ./Src/syscalls.o
 .debug_macro   0x0000000000000000       0x16 ./Src/syscalls.o
 .debug_macro   0x0000000000000000       0x43 ./Src/syscalls.o
 .debug_macro   0x0000000000000000       0x34 ./Src/syscalls.o
 .debug_macro   0x0000000000000000       0x10 ./Src/syscalls.o
 .debug_macro   0x0000000000000000       0x58 ./Src/syscalls.o
 .debug_macro   0x0000000000000000       0x71 ./Src/syscalls.o
 .debug_macro   0x0000000000000000       0x1c ./Src/syscalls.o
 .debug_macro   0x0000000000000000      0x12a ./Src/syscalls.o
 .debug_macro   0x0000000000000000       0x10 ./Src/syscalls.o
 .debug_macro   0x0000000000000000       0x35 ./Src/syscalls.o
 .debug_macro   0x0000000000000000       0x10 ./Src/syscalls.o
 .debug_macro   0x0000000000000000       0x10 ./Src/syscalls.o
 .debug_macro   0x0000000000000000       0x10 ./Src/syscalls.o
 .debug_macro   0x0000000000000000       0x6a ./Src/syscalls.o
 .debug_macro   0x0000000000000000       0x1c ./Src/syscalls.o
 .debug_macro   0x0000000000000000       0x52 ./Src/syscalls.o
 .debug_macro   0x0000000000000000       0x22 ./Src/syscalls.o
 .debug_macro   0x0000000000000000       0x10 ./Src/syscalls.o
 .debug_macro   0x0000000000000000       0x40 ./Src/syscalls.o
 .debug_macro   0x0000000000000000       0xd5 ./Src/syscalls.o
 .debug_macro   0x0000000000000000       0x1c ./Src/syscalls.o
 .debug_macro   0x0000000000000000       0x3d ./Src/syscalls.o
 .debug_macro   0x0000000000000000       0x35 ./Src/syscalls.o
 .debug_macro   0x0000000000000000      0x12c ./Src/syscalls.o
 .debug_macro   0x0000000000000000       0x16 ./Src/syscalls.o
 .debug_macro   0x0000000000000000       0x16 ./Src/syscalls.o
 .debug_macro   0x0000000000000000       0x29 ./Src/syscalls.o
 .debug_macro   0x0000000000000000       0x10 ./Src/syscalls.o
 .debug_macro   0x0000000000000000      0x241 ./Src/syscalls.o
 .debug_macro   0x0000000000000000       0x1c ./Src/syscalls.o
 .debug_macro   0x0000000000000000       0x10 ./Src/syscalls.o
 .debug_macro   0x0000000000000000       0x10 ./Src/syscalls.o
 .debug_macro   0x0000000000000000       0x16 ./Src/syscalls.o
 .debug_macro   0x0000000000000000      0x145 ./Src/syscalls.o
 .debug_macro   0x0000000000000000      0x189 ./Src/syscalls.o
 .debug_macro   0x0000000000000000       0x16 ./Src/syscalls.o
 .debug_macro   0x0000000000000000       0xce ./Src/syscalls.o
 .debug_line    0x0000000000000000      0x832 ./Src/syscalls.o
 .debug_str     0x0000000000000000     0x8f69 ./Src/syscalls.o
 .comment       0x0000000000000000       0x54 ./Src/syscalls.o
 .debug_frame   0x0000000000000000      0x2d4 ./Src/syscalls.o
 .ARM.attributes
                0x0000000000000000       0x2e ./Src/syscalls.o
 .group         0x0000000000000000        0xc ./Src/sysmem.o
 .group         0x0000000000000000        0xc ./Src/sysmem.o
 .group         0x0000000000000000        0xc ./Src/sysmem.o
 .group         0x0000000000000000        0xc ./Src/sysmem.o
 .group         0x0000000000000000        0xc ./Src/sysmem.o
 .group         0x0000000000000000        0xc ./Src/sysmem.o
 .group         0x0000000000000000        0xc ./Src/sysmem.o
 .group         0x0000000000000000        0xc ./Src/sysmem.o
 .group         0x0000000000000000        0xc ./Src/sysmem.o
 .group         0x0000000000000000        0xc ./Src/sysmem.o
 .group         0x0000000000000000        0xc ./Src/sysmem.o
 .group         0x0000000000000000        0xc ./Src/sysmem.o
 .group         0x0000000000000000        0xc ./Src/sysmem.o
 .group         0x0000000000000000        0xc ./Src/sysmem.o
 .group         0x0000000000000000        0xc ./Src/sysmem.o
 .group         0x0000000000000000        0xc ./Src/sysmem.o
 .group         0x0000000000000000        0xc ./Src/sysmem.o
 .group         0x0000000000000000        0xc ./Src/sysmem.o
 .group         0x0000000000000000        0xc ./Src/sysmem.o
 .group         0x0000000000000000        0xc ./Src/sysmem.o
 .group         0x0000000000000000        0xc ./Src/sysmem.o
 .group         0x0000000000000000        0xc ./Src/sysmem.o
 .text          0x0000000000000000        0x0 ./Src/sysmem.o
 .data          0x0000000000000000        0x0 ./Src/sysmem.o
 .bss           0x0000000000000000        0x0 ./Src/sysmem.o
 .bss.__sbrk_heap_end
                0x0000000000000000        0x4 ./Src/sysmem.o
 .text._sbrk    0x0000000000000000       0x6c ./Src/sysmem.o
 .debug_info    0x0000000000000000      0xa25 ./Src/sysmem.o
 .debug_abbrev  0x0000000000000000      0x1bf ./Src/sysmem.o
 .debug_aranges
                0x0000000000000000       0x20 ./Src/sysmem.o
 .debug_ranges  0x0000000000000000       0x10 ./Src/sysmem.o
 .debug_macro   0x0000000000000000       0xff ./Src/sysmem.o
 .debug_macro   0x0000000000000000      0xaa8 ./Src/sysmem.o
 .debug_macro   0x0000000000000000       0x10 ./Src/sysmem.o
 .debug_macro   0x0000000000000000       0x22 ./Src/sysmem.o
 .debug_macro   0x0000000000000000       0x4c ./Src/sysmem.o
 .debug_macro   0x0000000000000000       0x18 ./Src/sysmem.o
 .debug_macro   0x0000000000000000       0x94 ./Src/sysmem.o
 .debug_macro   0x0000000000000000       0x3c ./Src/sysmem.o
 .debug_macro   0x0000000000000000       0x34 ./Src/sysmem.o
 .debug_macro   0x0000000000000000      0x174 ./Src/sysmem.o
 .debug_macro   0x0000000000000000       0x16 ./Src/sysmem.o
 .debug_macro   0x0000000000000000       0x43 ./Src/sysmem.o
 .debug_macro   0x0000000000000000       0x57 ./Src/sysmem.o
 .debug_macro   0x0000000000000000       0x34 ./Src/sysmem.o
 .debug_macro   0x0000000000000000       0x10 ./Src/sysmem.o
 .debug_macro   0x0000000000000000       0x58 ./Src/sysmem.o
 .debug_macro   0x0000000000000000       0x71 ./Src/sysmem.o
 .debug_macro   0x0000000000000000       0x1c ./Src/sysmem.o
 .debug_macro   0x0000000000000000      0x12a ./Src/sysmem.o
 .debug_macro   0x0000000000000000      0x23b ./Src/sysmem.o
 .debug_macro   0x0000000000000000      0x103 ./Src/sysmem.o
 .debug_macro   0x0000000000000000       0x6a ./Src/sysmem.o
 .debug_macro   0x0000000000000000      0x1df ./Src/sysmem.o
 .debug_line    0x0000000000000000      0x4f3 ./Src/sysmem.o
 .debug_str     0x0000000000000000     0x6281 ./Src/sysmem.o
 .comment       0x0000000000000000       0x54 ./Src/sysmem.o
 .debug_frame   0x0000000000000000       0x34 ./Src/sysmem.o
 .ARM.attributes
                0x0000000000000000       0x2e ./Src/sysmem.o
 .text          0x0000000000000000       0x14 ./Startup/startup_stm32f407vgtx.o
 .data          0x0000000000000000        0x0 ./Startup/startup_stm32f407vgtx.o
 .bss           0x0000000000000000        0x0 ./Startup/startup_stm32f407vgtx.o
 .text          0x0000000000000000        0x0 c:/st/stm32cubeide_1.4.0/stm32cubeide/plugins/com.st.stm32cube.ide.mcu.externaltools.gnu-tools-for-stm32.9-2020-q2-update.win32_2.0.0.202105311346/tools/bin/../lib/gcc/arm-none-eabi/9.3.1/../../../../arm-none-eabi/lib/thumb/v7e-m/nofp\libc_nano.a(lib_a-errno.o)
 .data          0x0000000000000000        0x0 c:/st/stm32cubeide_1.4.0/stm32cubeide/plugins/com.st.stm32cube.ide.mcu.externaltools.gnu-tools-for-stm32.9-2020-q2-update.win32_2.0.0.202105311346/tools/bin/../lib/gcc/arm-none-eabi/9.3.1/../../../../arm-none-eabi/lib/thumb/v7e-m/nofp\libc_nano.a(lib_a-errno.o)
 .bss           0x0000000000000000        0x0 c:/st/stm32cubeide_1.4.0/stm32cubeide/plugins/com.st.stm32cube.ide.mcu.externaltools.gnu-tools-for-stm32.9-2020-q2-update.win32_2.0.0.202105311346/tools/bin/../lib/gcc/arm-none-eabi/9.3.1/../../../../arm-none-eabi/lib/thumb/v7e-m/nofp\libc_nano.a(lib_a-errno.o)
 .text.__errno  0x0000000000000000        0xc c:/st/stm32cubeide_1.4.0/stm32cubeide/plugins/com.st.stm32cube.ide.mcu.externaltools.gnu-tools-for-stm32.9-2020-q2-update.win32_2.0.0.202105311346/tools/bin/../lib/gcc/arm-none-eabi/9.3.1/../../../../arm-none-eabi/lib/thumb/v7e-m/nofp\libc_nano.a(lib_a-errno.o)
 .debug_frame   0x0000000000000000       0x20 c:/st/stm32cubeide_1.4.0/stm32cubeide/plugins/com.st.stm32cube.ide.mcu.externaltools.gnu-tools-for-stm32.9-2020-q2-update.win32_2.0.0.202105311346/tools/bin/../lib/gcc/arm-none-eabi/9.3.1/../../../../arm-none-eabi/lib/thumb/v7e-m/nofp\libc_nano.a(lib_a-errno.o)
 .ARM.attributes
                0x0000000000000000       0x2e c:/st/stm32cubeide_1.4.0/stm32cubeide/plugins/com.st.stm32cube.ide.mcu.externaltools.gnu-tools-for-stm32.9-2020-q2-update.win32_2.0.0.202105311346/tools/bin/../lib/gcc/arm-none-eabi/9.3.1/../../../../arm-none-eabi/lib/thumb/v7e-m/nofp\libc_nano.a(lib_a-errno.o)
 .text          0x0000000000000000        0x0 c:/st/stm32cubeide_1.4.0/stm32cubeide/plugins/com.st.stm32cube.ide.mcu.externaltools.gnu-tools-for-stm32.9-2020-q2-update.win32_2.0.0.202105311346/tools/bin/../lib/gcc/arm-none-eabi/9.3.1/../../../../arm-none-eabi/lib/thumb/v7e-m/nofp\libc_nano.a(lib_a-exit.o)
 .data          0x0000000000000000        0x0 c:/st/stm32cubeide_1.4.0/stm32cubeide/plugins/com.st.stm32cube.ide.mcu.externaltools.gnu-tools-for-stm32.9-2020-q2-update.win32_2.0.0.202105311346/tools/bin/../lib/gcc/arm-none-eabi/9.3.1/../../../../arm-none-eabi/lib/thumb/v7e-m/nofp\libc_nano.a(lib_a-exit.o)
 .bss           0x0000000000000000        0x0 c:/st/stm32cubeide_1.4.0/stm32cubeide/plugins/com.st.stm32cube.ide.mcu.externaltools.gnu-tools-for-stm32.9-2020-q2-update.win32_2.0.0.202105311346/tools/bin/../lib/gcc/arm-none-eabi/9.3.1/../../../../arm-none-eabi/lib/thumb/v7e-m/nofp\libc_nano.a(lib_a-exit.o)
 .text.exit     0x0000000000000000       0x28 c:/st/stm32cubeide_1.4.0/stm32cubeide/plugins/com.st.stm32cube.ide.mcu.externaltools.gnu-tools-for-stm32.9-2020-q2-update.win32_2.0.0.202105311346/tools/bin/../lib/gcc/arm-none-eabi/9.3.1/../../../../arm-none-eabi/lib/thumb/v7e-m/nofp\libc_nano.a(lib_a-exit.o)
 .debug_frame   0x0000000000000000       0x28 c:/st/stm32cubeide_1.4.0/stm32cubeide/plugins/com.st.stm32cube.ide.mcu.externaltools.gnu-tools-for-stm32.9-2020-q2-update.win32_2.0.0.202105311346/tools/bin/../lib/gcc/arm-none-eabi/9.3.1/../../../../arm-none-eabi/lib/thumb/v7e-m/nofp\libc_nano.a(lib_a-exit.o)
 .ARM.attributes
                0x0000000000000000       0x2e c:/st/stm32cubeide_1.4.0/stm32cubeide/plugins/com.st.stm32cube.ide.mcu.externaltools.gnu-tools-for-stm32.9-2020-q2-update.win32_2.0.0.202105311346/tools/bin/../lib/gcc/arm-none-eabi/9.3.1/../../../../arm-none-eabi/lib/thumb/v7e-m/nofp\libc_nano.a(lib_a-exit.o)
 .text          0x0000000000000000        0x0 c:/st/stm32cubeide_1.4.0/stm32cubeide/plugins/com.st.stm32cube.ide.mcu.externaltools.gnu-tools-for-stm32.9-2020-q2-update.win32_2.0.0.202105311346/tools/bin/../lib/gcc/arm-none-eabi/9.3.1/../../../../arm-none-eabi/lib/thumb/v7e-m/nofp\libc_nano.a(lib_a-impure.o)
 .data          0x0000000000000000        0x0 c:/st/stm32cubeide_1.4.0/stm32cubeide/plugins/com.st.stm32cube.ide.mcu.externaltools.gnu-tools-for-stm32.9-2020-q2-update.win32_2.0.0.202105311346/tools/bin/../lib/gcc/arm-none-eabi/9.3.1/../../../../arm-none-eabi/lib/thumb/v7e-m/nofp\libc_nano.a(lib_a-impure.o)
 .bss           0x0000000000000000        0x0 c:/st/stm32cubeide_1.4.0/stm32cubeide/plugins/com.st.stm32cube.ide.mcu.externaltools.gnu-tools-for-stm32.9-2020-q2-update.win32_2.0.0.202105311346/tools/bin/../lib/gcc/arm-none-eabi/9.3.1/../../../../arm-none-eabi/lib/thumb/v7e-m/nofp\libc_nano.a(lib_a-impure.o)
 .data._impure_ptr
                0x0000000000000000        0x4 c:/st/stm32cubeide_1.4.0/stm32cubeide/plugins/com.st.stm32cube.ide.mcu.externaltools.gnu-tools-for-stm32.9-2020-q2-update.win32_2.0.0.202105311346/tools/bin/../lib/gcc/arm-none-eabi/9.3.1/../../../../arm-none-eabi/lib/thumb/v7e-m/nofp\libc_nano.a(lib_a-impure.o)
 .data.impure_data
                0x0000000000000000       0x60 c:/st/stm32cubeide_1.4.0/stm32cubeide/plugins/com.st.stm32cube.ide.mcu.externaltools.gnu-tools-for-stm32.9-2020-q2-update.win32_2.0.0.202105311346/tools/bin/../lib/gcc/arm-none-eabi/9.3.1/../../../../arm-none-eabi/lib/thumb/v7e-m/nofp\libc_nano.a(lib_a-impure.o)
 .rodata._global_impure_ptr
                0x0000000000000000        0x4 c:/st/stm32cubeide_1.4.0/stm32cubeide/plugins/com.st.stm32cube.ide.mcu.externaltools.gnu-tools-for-stm32.9-2020-q2-update.win32_2.0.0.202105311346/tools/bin/../lib/gcc/arm-none-eabi/9.3.1/../../../../arm-none-eabi/lib/thumb/v7e-m/nofp\libc_nano.a(lib_a-impure.o)
 .ARM.attributes
                0x0000000000000000       0x2e c:/st/stm32cubeide_1.4.0/stm32cubeide/plugins/com.st.stm32cube.ide.mcu.externaltools.gnu-tools-for-stm32.9-2020-q2-update.win32_2.0.0.202105311346/tools/bin/../lib/gcc/arm-none-eabi/9.3.1/../../../../arm-none-eabi/lib/thumb/v7e-m/nofp\libc_nano.a(lib_a-impure.o)
 .text          0x0000000000000000        0x0 c:/st/stm32cubeide_1.4.0/stm32cubeide/plugins/com.st.stm32cube.ide.mcu.externaltools.gnu-tools-for-stm32.9-2020-q2-update.win32_2.0.0.202105311346/tools/bin/../lib/gcc/arm-none-eabi/9.3.1/../../../../arm-none-eabi/lib/thumb/v7e-m/nofp\libc_nano.a(lib_a-init.o)
 .data          0x0000000000000000        0x0 c:/st/stm32cubeide_1.4.0/stm32cubeide/plugins/com.st.stm32cube.ide.mcu.externaltools.gnu-tools-for-stm32.9-2020-q2-update.win32_2.0.0.202105311346/tools/bin/../lib/gcc/arm-none-eabi/9.3.1/../../../../arm-none-eabi/lib/thumb/v7e-m/nofp\libc_nano.a(lib_a-init.o)
 .bss           0x0000000000000000        0x0 c:/st/stm32cubeide_1.4.0/stm32cubeide/plugins/com.st.stm32cube.ide.mcu.externaltools.gnu-tools-for-stm32.9-2020-q2-update.win32_2.0.0.202105311346/tools/bin/../lib/gcc/arm-none-eabi/9.3.1/../../../../arm-none-eabi/lib/thumb/v7e-m/nofp\libc_nano.a(lib_a-init.o)
 .text          0x0000000000000000        0x0 c:/st/stm32cubeide_1.4.0/stm32cubeide/plugins/com.st.stm32cube.ide.mcu.externaltools.gnu-tools-for-stm32.9-2020-q2-update.win32_2.0.0.202105311346/tools/bin/../lib/gcc/arm-none-eabi/9.3.1/../../../../arm-none-eabi/lib/thumb/v7e-m/nofp\libc_nano.a(lib_a-memset.o)
 .data          0x0000000000000000        0x0 c:/st/stm32cubeide_1.4.0/stm32cubeide/plugins/com.st.stm32cube.ide.mcu.externaltools.gnu-tools-for-stm32.9-2020-q2-update.win32_2.0.0.202105311346/tools/bin/../lib/gcc/arm-none-eabi/9.3.1/../../../../arm-none-eabi/lib/thumb/v7e-m/nofp\libc_nano.a(lib_a-memset.o)
 .bss           0x0000000000000000        0x0 c:/st/stm32cubeide_1.4.0/stm32cubeide/plugins/com.st.stm32cube.ide.mcu.externaltools.gnu-tools-for-stm32.9-2020-q2-update.win32_2.0.0.202105311346/tools/bin/../lib/gcc/arm-none-eabi/9.3.1/../../../../arm-none-eabi/lib/thumb/v7e-m/nofp\libc_nano.a(lib_a-memset.o)
 .text.memset   0x0000000000000000       0x10 c:/st/stm32cubeide_1.4.0/stm32cubeide/plugins/com.st.stm32cube.ide.mcu.externaltools.gnu-tools-for-stm32.9-2020-q2-update.win32_2.0.0.202105311346/tools/bin/../lib/gcc/arm-none-eabi/9.3.1/../../../../arm-none-eabi/lib/thumb/v7e-m/nofp\libc_nano.a(lib_a-memset.o)
 .debug_frame   0x0000000000000000       0x20 c:/st/stm32cubeide_1.4.0/stm32cubeide/plugins/com.st.stm32cube.ide.mcu.externaltools.gnu-tools-for-stm32.9-2020-q2-update.win32_2.0.0.202105311346/tools/bin/../lib/gcc/arm-none-eabi/9.3.1/../../../../arm-none-eabi/lib/thumb/v7e-m/nofp\libc_nano.a(lib_a-memset.o)
 .ARM.attributes
                0x0000000000000000       0x2e c:/st/stm32cubeide_1.4.0/stm32cubeide/plugins/com.st.stm32cube.ide.mcu.externaltools.gnu-tools-for-stm32.9-2020-q2-update.win32_2.0.0.202105311346/tools/bin/../lib/gcc/arm-none-eabi/9.3.1/../../../../arm-none-eabi/lib/thumb/v7e-m/nofp\libc_nano.a(lib_a-memset.o)
 .text          0x0000000000000000        0x0 c:/st/stm32cubeide_1.4.0/stm32cubeide/plugins/com.st.stm32cube.ide.mcu.externaltools.gnu-tools-for-stm32.9-2020-q2-update.win32_2.0.0.202105311346/tools/bin/../lib/gcc/arm-none-eabi/9.3.1/thumb/v7e-m/nofp/crtend.o
 .data          0x0000000000000000        0x0 c:/st/stm32cubeide_1.4.0/stm32cubeide/plugins/com.st.stm32cube.ide.mcu.externaltools.gnu-tools-for-stm32.9-2020-q2-update.win32_2.0.0.202105311346/tools/bin/../lib/gcc/arm-none-eabi/9.3.1/thumb/v7e-m/nofp/crtend.o
 .bss           0x0000000000000000        0x0 c:/st/stm32cubeide_1.4.0/stm32cubeide/plugins/com.st.stm32cube.ide.mcu.externaltools.gnu-tools-for-stm32.9-2020-q2-update.win32_2.0.0.202105311346/tools/bin/../lib/gcc/arm-none-eabi/9.3.1/thumb/v7e-m/nofp/crtend.o
 .eh_frame      0x0000000000000000        0x4 c:/st/stm32cubeide_1.4.0/stm32cubeide/plugins/com.st.stm32cube.ide.mcu.externaltools.gnu-tools-for-stm32.9-2020-q2-update.win32_2.0.0.202105311346/tools/bin/../lib/gcc/arm-none-eabi/9.3.1/thumb/v7e-m/nofp/crtend.o
 .ARM.attributes
                0x0000000000000000       0x2e c:/st/stm32cubeide_1.4.0/stm32cubeide/plugins/com.st.stm32cube.ide.mcu.externaltools.gnu-tools-for-stm32.9-2020-q2-update.win32_2.0.0.202105311346/tools/bin/../lib/gcc/arm-none-eabi/9.3.1/thumb/v7e-m/nofp/crtend.o
 .text          0x0000000000000000        0x0 c:/st/stm32cubeide_1.4.0/stm32cubeide/plugins/com.st.stm32cube.ide.mcu.externaltools.gnu-tools-for-stm32.9-2020-q2-update.win32_2.0.0.202105311346/tools/bin/../lib/gcc/arm-none-eabi/9.3.1/thumb/v7e-m/nofp/crtn.o
 .data          0x0000000000000000        0x0 c:/st/stm32cubeide_1.4.0/stm32cubeide/plugins/com.st.stm32cube.ide.mcu.externaltools.gnu-tools-for-stm32.9-2020-q2-update.win32_2.0.0.202105311346/tools/bin/../lib/gcc/arm-none-eabi/9.3.1/thumb/v7e-m/nofp/crtn.o
 .bss           0x0000000000000000        0x0 c:/st/stm32cubeide_1.4.0/stm32cubeide/plugins/com.st.stm32cube.ide.mcu.externaltools.gnu-tools-for-stm32.9-2020-q2-update.win32_2.0.0.202105311346/tools/bin/../lib/gcc/arm-none-eabi/9.3.1/thumb/v7e-m/nofp/crtn.o

Memory Configuration

Name             Origin             Length             Attributes
RAM              0x0000000020000000 0x0000000000020000 xrw
FLASH            0x0000000008000000 0x0000000000100000 xr
*default*        0x0000000000000000 0xffffffffffffffff

Linker script and memory map

LOAD c:/st/stm32cubeide_1.4.0/stm32cubeide/plugins/com.st.stm32cube.ide.mcu.externaltools.gnu-tools-for-stm32.9-2020-q2-update.win32_2.0.0.202105311346/tools/bin/../lib/gcc/arm-none-eabi/9.3.1/thumb/v7e-m/nofp/crti.o
LOAD c:/st/stm32cubeide_1.4.0/stm32cubeide/plugins/com.st.stm32cube.ide.mcu.externaltools.gnu-tools-for-stm32.9-2020-q2-update.win32_2.0.0.202105311346/tools/bin/../lib/gcc/arm-none-eabi/9.3.1/thumb/v7e-m/nofp/crtbegin.o
LOAD c:/st/stm32cubeide_1.4.0/stm32cubeide/plugins/com.st.stm32cube.ide.mcu.externaltools.gnu-tools-for-stm32.9-2020-q2-update.win32_2.0.0.202105311346/tools/bin/../lib/gcc/arm-none-eabi/9.3.1/../../../../arm-none-eabi/lib/thumb/v7e-m/nofp/crt0.o
LOAD ./Src/main.o
LOAD ./Src/stm32f407xx_exti.o
LOAD ./Src/stm32f407xx_gpio.o
LOAD ./Src/stm32f407xx_spi.o
LOAD ./Src/syscalls.o
LOAD ./Src/sysmem.o
LOAD ./Startup/startup_stm32f407vgtx.o
START GROUP
LOAD c:/st/stm32cubeide_1.4.0/stm32cubeide/plugins/com.st.stm32cube.ide.mcu.externaltools.gnu-tools-for-stm32.9-2020-q2-update.win32_2.0.0.202105311346/tools/bin/../lib/gcc/arm-none-eabi/9.3.1/../../../../arm-none-eabi/lib/thumb/v7e-m/nofp\libc_nano.a
LOAD c:/st/stm32cubeide_1.4.0/stm32cubeide/plugins/com.st.stm32cube.ide.mcu.externaltools.gnu-tools-for-stm32.9-2020-q2-update.win32_2.0.0.202105311346/tools/bin/../lib/gcc/arm-none-eabi/9.3.1/../../../../arm-none-eabi/lib/thumb/v7e-m/nofp\libm.a
END GROUP
START GROUP
LOAD c:/st/stm32cubeide_1.4.0/stm32cubeide/plugins/com.st.stm32cube.ide.mcu.externaltools.gnu-tools-for-stm32.9-2020-q2-update.win32_2.0.0.202105311346/tools/bin/../lib/gcc/arm-none-eabi/9.3.1/thumb/v7e-m/nofp\libgcc.a
LOAD c:/st/stm32cubeide_1.4.0/stm32cubeide/plugins/com.st.stm32cube.ide.mcu.externaltools.gnu-tools-for-stm32.9-2020-q2-update.win32_2.0.0.202105311346/tools/bin/../lib/gcc/arm-none-eabi/9.3.1/../../../../arm-none-eabi/lib/thumb/v7e-m/nofp\libc_nano.a
END GROUP
START GROUP
LOAD c:/st/stm32cubeide_1.4.0/stm32cubeide/plugins/com.st.stm32cube.ide.mcu.externaltools.gnu-tools-for-stm32.9-2020-q2-update.win32_2.0.0.202105311346/tools/bin/../lib/gcc/arm-none-eabi/9.3.1/thumb/v7e-m/nofp\libgcc.a
LOAD c:/st/stm32cubeide_1.4.0/stm32cubeide/plugins/com.st.stm32cube.ide.mcu.externaltools.gnu-tools-for-stm32.9-2020-q2-update.win32_2.0.0.202105311346/tools/bin/../lib/gcc/arm-none-eabi/9.3.1/../../../../arm-none-eabi/lib/thumb/v7e-m/nofp\libc_nano.a
LOAD c:/st/stm32cubeide_1.4.0/stm32cubeide/plugins/com.st.stm32cube.ide.mcu.externaltools.gnu-tools-for-stm32.9-2020-q2-update.win32_2.0.0.202105311346/tools/bin/../lib/gcc/arm-none-eabi/9.3.1/../../../../arm-none-eabi/lib/thumb/v7e-m/nofp\libnosys.a
END GROUP
START GROUP
LOAD c:/st/stm32cubeide_1.4.0/stm32cubeide/plugins/com.st.stm32cube.ide.mcu.externaltools.gnu-tools-for-stm32.9-2020-q2-update.win32_2.0.0.202105311346/tools/bin/../lib/gcc/arm-none-eabi/9.3.1/thumb/v7e-m/nofp\libgcc.a
LOAD c:/st/stm32cubeide_1.4.0/stm32cubeide/plugins/com.st.stm32cube.ide.mcu.externaltools.gnu-tools-for-stm32.9-2020-q2-update.win32_2.0.0.202105311346/tools/bin/../lib/gcc/arm-none-eabi/9.3.1/../../../../arm-none-eabi/lib/thumb/v7e-m/nofp\libc_nano.a
LOAD c:/st/stm32cubeide_1.4.0/stm32cubeide/plugins/com.st.stm32cube.ide.mcu.externaltools.gnu-tools-for-stm32.9-2020-q2-update.win32_2.0.0.202105311346/tools/bin/../lib/gcc/arm-none-eabi/9.3.1/../../../../arm-none-eabi/lib/thumb/v7e-m/nofp\libnosys.a
END GROUP
LOAD c:/st/stm32cubeide_1.4.0/stm32cubeide/plugins/com.st.stm32cube.ide.mcu.externaltools.gnu-tools-for-stm32.9-2020-q2-update.win32_2.0.0.202105311346/tools/bin/../lib/gcc/arm-none-eabi/9.3.1/thumb/v7e-m/nofp/crtend.o
LOAD c:/st/stm32cubeide_1.4.0/stm32cubeide/plugins/com.st.stm32cube.ide.mcu.externaltools.gnu-tools-for-stm32.9-2020-q2-update.win32_2.0.0.202105311346/tools/bin/../lib/gcc/arm-none-eabi/9.3.1/thumb/v7e-m/nofp/crtn.o
                0x0000000020020000                _estack = (ORIGIN (RAM) + LENGTH (RAM))
                0x0000000000000200                _Min_Heap_Size = 0x200
                0x0000000000000400                _Min_Stack_Size = 0x400

.isr_vector     0x0000000008000000      0x1a8
                0x0000000008000000                . = ALIGN (0x4)
 *(.isr_vector)
 .isr_vector    0x0000000008000000      0x1a8 ./Startup/startup_stm32f407vgtx.o
                0x0000000008000000                g_pfnVectors
                0x00000000080001a8                . = ALIGN (0x4)

.text           0x00000000080001a8      0x378
                0x00000000080001a8                . = ALIGN (0x4)
 *(.text)
 .text          0x00000000080001a8       0x40 c:/st/stm32cubeide_1.4.0/stm32cubeide/plugins/com.st.stm32cube.ide.mcu.externaltools.gnu-tools-for-stm32.9-2020-q2-update.win32_2.0.0.202105311346/tools/bin/../lib/gcc/arm-none-eabi/9.3.1/thumb/v7e-m/nofp/crtbegin.o
 *(.text*)
 .text.main     0x00000000080001e8       0x5c ./Src/main.o
                0x00000000080001e8                main
 .text.GPIO_Init
                0x0000000008000244      0x13a ./Src/stm32f407xx_gpio.o
                0x0000000008000244                GPIO_Init
 *fill*         0x000000000800037e        0x2 
 .text.SPI_PeriClockControl
                0x0000000008000380       0xb0 ./Src/stm32f407xx_spi.o
                0x0000000008000380                SPI_PeriClockControl
 .text.SPI_Init
                0x0000000008000430       0x3c ./Src/stm32f407xx_spi.o
                0x0000000008000430                SPI_Init
 .text.Reset_Handler
                0x000000000800046c       0x50 ./Startup/startup_stm32f407vgtx.o
                0x000000000800046c                Reset_Handler
 .text.Default_Handler
                0x00000000080004bc        0x2 ./Startup/startup_stm32f407vgtx.o
                0x00000000080004bc                RTC_Alarm_IRQHandler
                0x00000000080004bc                HASH_RNG_IRQHandler
                0x00000000080004bc                EXTI2_IRQHandler
                0x00000000080004bc                TIM8_CC_IRQHandler
                0x00000000080004bc                DebugMon_Handler
                0x00000000080004bc                TIM1_CC_IRQHandler
                0x00000000080004bc                DMA2_Stream5_IRQHandler
                0x00000000080004bc                HardFault_Handler
                0x00000000080004bc                DMA1_Stream5_IRQHandler
                0x00000000080004bc                SysTick_Handler
                0x00000000080004bc                PVD_IRQHandler
                0x00000000080004bc                SDIO_IRQHandler
                0x00000000080004bc                TAMP_STAMP_IRQHandler
                0x00000000080004bc                PendSV_Handler
                0x00000000080004bc                NMI_Handler
                0x00000000080004bc                CAN2_RX1_IRQHandler
                0x00000000080004bc                EXTI3_IRQHandler
                0x00000000080004bc                TIM8_TRG_COM_TIM14_IRQHandler
                0x00000000080004bc                TIM1_UP_TIM10_IRQHandler
                0x00000000080004bc                TIM8_UP_TIM13_IRQHandler
                0x00000000080004bc                I2C3_ER_IRQHandler
                0x00000000080004bc                LCD_TFT_IRQHandler
                0x00000000080004bc                EXTI0_IRQHandler
                0x00000000080004bc                I2C2_EV_IRQHandler
                0x00000000080004bc                DMA1_Stream2_IRQHandler
                0x00000000080004bc                CAN1_RX0_IRQHandler
                0x00000000080004bc                FPU_IRQHandler
                0x00000000080004bc                OTG_HS_WKUP_IRQHandler
                0x00000000080004bc                UsageFault_Handler
                0x00000000080004bc                CAN2_SCE_IRQHandler
                0x00000000080004bc                DMA2_Stream2_IRQHandler
                0x00000000080004bc                SPI1_IRQHandler
                0x00000000080004bc                TIM6_DAC_IRQHandler
                0x00000000080004bc                TIM1_BRK_TIM9_IRQHandler
                0x00000000080004bc                DCMI_IRQHandler
                0x00000000080004bc                CAN2_RX0_IRQHandler
                0x00000000080004bc                DMA2_Stream3_IRQHandler
                0x00000000080004bc                USART6_IRQHandler
                0x00000000080004bc                USART3_IRQHandler
                0x00000000080004bc                CRYP_IRQHandler
                0x00000000080004bc                CAN1_RX1_IRQHandler
                0x00000000080004bc                UART5_IRQHandler
                0x00000000080004bc                DMA2_Stream0_IRQHandler
                0x00000000080004bc                TIM4_IRQHandler
                0x00000000080004bc                I2C1_EV_IRQHandler
                0x00000000080004bc                DMA1_Stream6_IRQHandler
                0x00000000080004bc                DMA1_Stream1_IRQHandler
                0x00000000080004bc                UART4_IRQHandler
                0x00000000080004bc                LCD_TFT_1_IRQHandler
                0x00000000080004bc                TIM3_IRQHandler
                0x00000000080004bc                RCC_IRQHandler
                0x00000000080004bc                TIM8_BRK_TIM12_IRQHandler
                0x00000000080004bc                Default_Handler
                0x00000000080004bc                EXTI15_10_IRQHandler
                0x00000000080004bc                ADC_IRQHandler
                0x00000000080004bc                DMA1_Stream7_IRQHandler
                0x00000000080004bc                TIM7_IRQHandler
                0x00000000080004bc                CAN2_TX_IRQHandler
                0x00000000080004bc                TIM5_IRQHandler
                0x00000000080004bc                DMA2_Stream7_IRQHandler
                0x00000000080004bc                I2C3_EV_IRQHandler
                0x00000000080004bc                EXTI9_5_IRQHandler
                0x00000000080004bc                RTC_WKUP_IRQHandler
                0x00000000080004bc                ETH_WKUP_IRQHandler
                0x00000000080004bc                SPI2_IRQHandler
                0x00000000080004bc                OTG_HS_EP1_IN_IRQHandler
                0x00000000080004bc                MemManage_Handler
                0x00000000080004bc                DMA1_Stream0_IRQHandler
                0x00000000080004bc                CAN1_TX_IRQHandler
                0x00000000080004bc                SVC_Handler
                0x00000000080004bc                EXTI4_IRQHandler
                0x00000000080004bc                FSMC_IRQHandler
                0x00000000080004bc                ETH_IRQHandler
                0x00000000080004bc                OTG_HS_EP1_OUT_IRQHandler
                0x00000000080004bc                WWDG_IRQHandler
                0x00000000080004bc                TIM2_IRQHandler
                0x00000000080004bc                OTG_FS_WKUP_IRQHandler
                0x00000000080004bc                TIM1_TRG_COM_TIM11_IRQHandler
                0x00000000080004bc                OTG_HS_IRQHandler
                0x00000000080004bc                EXTI1_IRQHandler
                0x00000000080004bc                USART2_IRQHandler
                0x00000000080004bc                I2C2_ER_IRQHandler
                0x00000000080004bc                DMA2_Stream1_IRQHandler
                0x00000000080004bc                CAN1_SCE_IRQHandler
                0x00000000080004bc                DMA2_Stream4_IRQHandler
                0x00000000080004bc                BusFault_Handler
                0x00000000080004bc                USART1_IRQHandler
                0x00000000080004bc                OTG_FS_IRQHandler
                0x00000000080004bc                SPI3_IRQHandler
                0x00000000080004bc                DMA1_Stream4_IRQHandler
                0x00000000080004bc                I2C1_ER_IRQHandler
                0x00000000080004bc                DMA2_Stream6_IRQHandler
                0x00000000080004bc                DMA1_Stream3_IRQHandler
 *fill*         0x00000000080004be        0x2 
 .text.__libc_init_array
                0x00000000080004c0       0x48 c:/st/stm32cubeide_1.4.0/stm32cubeide/plugins/com.st.stm32cube.ide.mcu.externaltools.gnu-tools-for-stm32.9-2020-q2-update.win32_2.0.0.202105311346/tools/bin/../lib/gcc/arm-none-eabi/9.3.1/../../../../arm-none-eabi/lib/thumb/v7e-m/nofp\libc_nano.a(lib_a-init.o)
                0x00000000080004c0                __libc_init_array
 *(.glue_7)
 .glue_7        0x0000000008000508        0x0 linker stubs
 *(.glue_7t)
 .glue_7t       0x0000000008000508        0x0 linker stubs
 *(.eh_frame)
 .eh_frame      0x0000000008000508        0x0 c:/st/stm32cubeide_1.4.0/stm32cubeide/plugins/com.st.stm32cube.ide.mcu.externaltools.gnu-tools-for-stm32.9-2020-q2-update.win32_2.0.0.202105311346/tools/bin/../lib/gcc/arm-none-eabi/9.3.1/thumb/v7e-m/nofp/crtbegin.o
 *(.init)
 .init          0x0000000008000508        0x4 c:/st/stm32cubeide_1.4.0/stm32cubeide/plugins/com.st.stm32cube.ide.mcu.externaltools.gnu-tools-for-stm32.9-2020-q2-update.win32_2.0.0.202105311346/tools/bin/../lib/gcc/arm-none-eabi/9.3.1/thumb/v7e-m/nofp/crti.o
                0x0000000008000508                _init
 .init          0x000000000800050c        0x8 c:/st/stm32cubeide_1.4.0/stm32cubeide/plugins/com.st.stm32cube.ide.mcu.externaltools.gnu-tools-for-stm32.9-2020-q2-update.win32_2.0.0.202105311346/tools/bin/../lib/gcc/arm-none-eabi/9.3.1/thumb/v7e-m/nofp/crtn.o
 *(.fini)
 .fini          0x0000000008000514        0x4 c:/st/stm32cubeide_1.4.0/stm32cubeide/plugins/com.st.stm32cube.ide.mcu.externaltools.gnu-tools-for-stm32.9-2020-q2-update.win32_2.0.0.202105311346/tools/bin/../lib/gcc/arm-none-eabi/9.3.1/thumb/v7e-m/nofp/crti.o
                0x0000000008000514                _fini
 .fini          0x0000000008000518        0x8 c:/st/stm32cubeide_1.4.0/stm32cubeide/plugins/com.st.stm32cube.ide.mcu.externaltools.gnu-tools-for-stm32.9-2020-q2-update.win32_2.0.0.202105311346/tools/bin/../lib/gcc/arm-none-eabi/9.3.1/thumb/v7e-m/nofp/crtn.o
                0x0000000008000520                . = ALIGN (0x4)
                0x0000000008000520                _etext = .

.vfp11_veneer   0x0000000008000520        0x0
 .vfp11_veneer  0x0000000008000520        0x0 linker stubs

.v4_bx          0x0000000008000520        0x0
 .v4_bx         0x0000000008000520        0x0 linker stubs

.iplt           0x0000000008000520        0x0
 .iplt          0x0000000008000520        0x0 c:/st/stm32cubeide_1.4.0/stm32cubeide/plugins/com.st.stm32cube.ide.mcu.externaltools.gnu-tools-for-stm32.9-2020-q2-update.win32_2.0.0.202105311346/tools/bin/../lib/gcc/arm-none-eabi/9.3.1/thumb/v7e-m/nofp/crtbegin.o

.rel.dyn        0x0000000008000520        0x0
 .rel.iplt      0x0000000008000520        0x0 c:/st/stm32cubeide_1.4.0/stm32cubeide/plugins/com.st.stm32cube.ide.mcu.externaltools.gnu-tools-for-stm32.9-2020-q2-update.win32_2.0.0.202105311346/tools/bin/../lib/gcc/arm-none-eabi/9.3.1/thumb/v7e-m/nofp/crtbegin.o

.rodata         0x0000000008000520        0x0
                0x0000000008000520                . = ALIGN (0x4)
 *(.rodata)
 *(.rodata*)
                0x0000000008000520                . = ALIGN (0x4)

.ARM.extab      0x0000000008000520        0x0
                0x0000000008000520                . = ALIGN (0x4)
 *(.ARM.extab* .gnu.linkonce.armextab.*)
                0x0000000008000520                . = ALIGN (0x4)

.ARM            0x0000000008000520        0x0
                0x0000000008000520                . = ALIGN (0x4)
                0x0000000008000520                __exidx_start = .
 *(.ARM.exidx*)
                0x0000000008000520                __exidx_end = .
                0x0000000008000520                . = ALIGN (0x4)

.preinit_array  0x0000000008000520        0x0
                0x0000000008000520                . = ALIGN (0x4)
                0x0000000008000520                PROVIDE (__preinit_array_start = .)
 *(.preinit_array*)
                0x0000000008000520                PROVIDE (__preinit_array_end = .)
                0x0000000008000520                . = ALIGN (0x4)

.init_array     0x0000000008000520        0x4
                0x0000000008000520                . = ALIGN (0x4)
                0x0000000008000520                PROVIDE (__init_array_start = .)
 *(SORT_BY_NAME(.init_array.*))
 *(.init_array*)
 .init_array    0x0000000008000520        0x4 c:/st/stm32cubeide_1.4.0/stm32cubeide/plugins/com.st.stm32cube.ide.mcu.externaltools.gnu-tools-for-stm32.9-2020-q2-update.win32_2.0.0.202105311346/tools/bin/../lib/gcc/arm-none-eabi/9.3.1/thumb/v7e-m/nofp/crtbegin.o
                0x0000000008000524                PROVIDE (__init_array_end = .)
                0x0000000008000524                . = ALIGN (0x4)

.fini_array     0x0000000008000524        0x4
                0x0000000008000524                . = ALIGN (0x4)
                [!provide]                        PROVIDE (__fini_array_start = .)
 *(SORT_BY_NAME(.fini_array.*))
 *(.fini_array*)
 .fini_array    0x0000000008000524        0x4 c:/st/stm32cubeide_1.4.0/stm32cubeide/plugins/com.st.stm32cube.ide.mcu.externaltools.gnu-tools-for-stm32.9-2020-q2-update.win32_2.0.0.202105311346/tools/bin/../lib/gcc/arm-none-eabi/9.3.1/thumb/v7e-m/nofp/crtbegin.o
                [!provide]                        PROVIDE (__fini_array_end = .)
                0x0000000008000528                . = ALIGN (0x4)
                0x0000000008000528                _sidata = LOADADDR (.data)

.data           0x0000000020000000        0x0 load address 0x0000000008000528
                0x0000000020000000                . = ALIGN (0x4)
                0x0000000020000000                _sdata = .
 *(.data)
 *(.data*)
 *(.RamFunc)
 *(.RamFunc*)
                0x0000000020000000                . = ALIGN (0x4)
                0x0000000020000000                _edata = .

.igot.plt       0x0000000020000000        0x0 load address 0x0000000008000528
 .igot.plt      0x0000000020000000        0x0 c:/st/stm32cubeide_1.4.0/stm32cubeide/plugins/com.st.stm32cube.ide.mcu.externaltools.gnu-tools-for-stm32.9-2020-q2-update.win32_2.0.0.202105311346/tools/bin/../lib/gcc/arm-none-eabi/9.3.1/thumb/v7e-m/nofp/crtbegin.o
                0x0000000020000000                . = ALIGN (0x4)

.bss            0x0000000020000000       0x1c load address 0x0000000008000528
                0x0000000020000000                _sbss = .
                0x0000000020000000                __bss_start__ = _sbss
 *(.bss)
 .bss           0x0000000020000000       0x1c c:/st/stm32cubeide_1.4.0/stm32cubeide/plugins/com.st.stm32cube.ide.mcu.externaltools.gnu-tools-for-stm32.9-2020-q2-update.win32_2.0.0.202105311346/tools/bin/../lib/gcc/arm-none-eabi/9.3.1/thumb/v7e-m/nofp/crtbegin.o
 *(.bss*)
 *(COMMON)
                0x000000002000001c                . = ALIGN (0x4)
                0x000000002000001c                _ebss = .
                0x000000002000001c                __bss_end__ = _ebss

._user_heap_stack
                0x000000002000001c      0x604 load address 0x0000000008000528
                0x0000000020000020                . = ALIGN (0x8)
 *fill*         0x000000002000001c        0x4 
                [!provide]                        PROVIDE (end = .)
                0x0000000020000020                PROVIDE (_end = .)
                0x0000000020000220                . = (. + _Min_Heap_Size)
 *fill*         0x0000000020000020      0x200 
                0x0000000020000620                . = (. + _Min_Stack_Size)
 *fill*         0x0000000020000220      0x400 
                0x0000000020000620                . = ALIGN (0x8)

/DISCARD/
 libc.a(*)
 libm.a(*)
 libgcc.a(*)

.ARM.attributes
                0x0000000000000000       0x2a
 *(.ARM.attributes)
 .ARM.attributes
                0x0000000000000000       0x1e c:/st/stm32cubeide_1.4.0/stm32cubeide/plugins/com.st.stm32cube.ide.mcu.externaltools.gnu-tools-for-stm32.9-2020-q2-update.win32_2.0.0.202105311346/tools/bin/../lib/gcc/arm-none-eabi/9.3.1/thumb/v7e-m/nofp/crti.o
 .ARM.attributes
                0x000000000000001e       0x2e c:/st/stm32cubeide_1.4.0/stm32cubeide/plugins/com.st.stm32cube.ide.mcu.externaltools.gnu-tools-for-stm32.9-2020-q2-update.win32_2.0.0.202105311346/tools/bin/../lib/gcc/arm-none-eabi/9.3.1/thumb/v7e-m/nofp/crtbegin.o
 .ARM.attributes
                0x000000000000004c       0x2e ./Src/main.o
 .ARM.attributes
                0x000000000000007a       0x2e ./Src/stm32f407xx_gpio.o
 .ARM.attributes
                0x00000000000000a8       0x2e ./Src/stm32f407xx_spi.o
 .ARM.attributes
                0x00000000000000d6       0x21 ./Startup/startup_stm32f407vgtx.o
 .ARM.attributes
                0x00000000000000f7       0x2e c:/st/stm32cubeide_1.4.0/stm32cubeide/plugins/com.st.stm32cube.ide.mcu.externaltools.gnu-tools-for-stm32.9-2020-q2-update.win32_2.0.0.202105311346/tools/bin/../lib/gcc/arm-none-eabi/9.3.1/../../../../arm-none-eabi/lib/thumb/v7e-m/nofp\libc_nano.a(lib_a-init.o)
 .ARM.attributes
                0x0000000000000125       0x1e c:/st/stm32cubeide_1.4.0/stm32cubeide/plugins/com.st.stm32cube.ide.mcu.externaltools.gnu-tools-for-stm32.9-2020-q2-update.win32_2.0.0.202105311346/tools/bin/../lib/gcc/arm-none-eabi/9.3.1/thumb/v7e-m/nofp/crtn.o
OUTPUT(004_SPI_Bus.elf elf32-littlearm)
LOAD linker stubs
LOAD c:/st/stm32cubeide_1.4.0/stm32cubeide/plugins/com.st.stm32cube.ide.mcu.externaltools.gnu-tools-for-stm32.9-2020-q2-update.win32_2.0.0.202105311346/tools/bin/../lib/gcc/arm-none-eabi/9.3.1/../../../../arm-none-eabi/lib/thumb/v7e-m/nofp\libc.a
LOAD c:/st/stm32cubeide_1.4.0/stm32cubeide/plugins/com.st.stm32cube.ide.mcu.externaltools.gnu-tools-for-stm32.9-2020-q2-update.win32_2.0.0.202105311346/tools/bin/../lib/gcc/arm-none-eabi/9.3.1/../../../../arm-none-eabi/lib/thumb/v7e-m/nofp\libm.a
LOAD c:/st/stm32cubeide_1.4.0/stm32cubeide/plugins/com.st.stm32cube.ide.mcu.externaltools.gnu-tools-for-stm32.9-2020-q2-update.win32_2.0.0.202105311346/tools/bin/../lib/gcc/arm-none-eabi/9.3.1/thumb/v7e-m/nofp\libgcc.a

.debug_info     0x0000000000000000     0x223e
 .debug_info    0x0000000000000000      0xf44 ./Src/main.o
 .debug_info    0x0000000000000f44      0xcd8 ./Src/stm32f407xx_gpio.o
 .debug_info    0x0000000000001c1c      0x600 ./Src/stm32f407xx_spi.o
 .debug_info    0x000000000000221c       0x22 ./Startup/startup_stm32f407vgtx.o

.debug_abbrev   0x0000000000000000      0x552
 .debug_abbrev  0x0000000000000000      0x1d3 ./Src/main.o
 .debug_abbrev  0x00000000000001d3      0x261 ./Src/stm32f407xx_gpio.o
 .debug_abbrev  0x0000000000000434      0x10c ./Src/stm32f407xx_spi.o
 .debug_abbrev  0x0000000000000540       0x12 ./Startup/startup_stm32f407vgtx.o

.debug_aranges  0x0000000000000000       0xe0
 .debug_aranges
                0x0000000000000000       0x20 ./Src/main.o
 .debug_aranges
                0x0000000000000020       0x50 ./Src/stm32f407xx_gpio.o
 .debug_aranges
                0x0000000000000070       0x48 ./Src/stm32f407xx_spi.o
 .debug_aranges
                0x00000000000000b8       0x28 ./Startup/startup_stm32f407vgtx.o

.debug_ranges   0x0000000000000000       0xa8
 .debug_ranges  0x0000000000000000       0x10 ./Src/main.o
 .debug_ranges  0x0000000000000010       0x40 ./Src/stm32f407xx_gpio.o
 .debug_ranges  0x0000000000000050       0x38 ./Src/stm32f407xx_spi.o
 .debug_ranges  0x0000000000000088       0x20 ./Startup/startup_stm32f407vgtx.o

.debug_macro    0x0000000000000000     0x284d
 .debug_macro   0x0000000000000000      0x223 ./Src/main.o
 .debug_macro   0x0000000000000223      0xaa8 ./Src/main.o
 .debug_macro   0x0000000000000ccb       0x22 ./Src/main.o
 .debug_macro   0x0000000000000ced       0x4c ./Src/main.o
 .debug_macro   0x0000000000000d39       0x18 ./Src/main.o
 .debug_macro   0x0000000000000d51       0x94 ./Src/main.o
 .debug_macro   0x0000000000000de5       0x3c ./Src/main.o
 .debug_macro   0x0000000000000e21       0x34 ./Src/main.o
 .debug_macro   0x0000000000000e55       0x16 ./Src/main.o
 .debug_macro   0x0000000000000e6b       0x57 ./Src/main.o
 .debug_macro   0x0000000000000ec2       0x97 ./Src/main.o
 .debug_macro   0x0000000000000f59      0x339 ./Src/main.o
 .debug_macro   0x0000000000001292       0xfd ./Src/main.o
 .debug_macro   0x000000000000138f       0x10 ./Src/main.o
 .debug_macro   0x000000000000139f       0x16 ./Src/main.o
 .debug_macro   0x00000000000013b5       0x43 ./Src/main.o
 .debug_macro   0x00000000000013f8       0x34 ./Src/main.o
 .debug_macro   0x000000000000142c       0x10 ./Src/main.o
 .debug_macro   0x000000000000143c       0x58 ./Src/main.o
 .debug_macro   0x0000000000001494       0x71 ./Src/main.o
 .debug_macro   0x0000000000001505       0x1c ./Src/main.o
 .debug_macro   0x0000000000001521      0x12a ./Src/main.o
 .debug_macro   0x000000000000164b       0x10 ./Src/main.o
 .debug_macro   0x000000000000165b       0x6a ./Src/main.o
 .debug_macro   0x00000000000016c5       0x1c ./Src/main.o
 .debug_macro   0x00000000000016e1       0x52 ./Src/main.o
 .debug_macro   0x0000000000001733       0x22 ./Src/main.o
 .debug_macro   0x0000000000001755       0x10 ./Src/main.o
 .debug_macro   0x0000000000001765       0x40 ./Src/main.o
 .debug_macro   0x00000000000017a5       0xd5 ./Src/main.o
 .debug_macro   0x000000000000187a       0x1c ./Src/main.o
 .debug_macro   0x0000000000001896       0x3d ./Src/main.o
 .debug_macro   0x00000000000018d3       0x16 ./Src/main.o
 .debug_macro   0x00000000000018e9      0x145 ./Src/main.o
 .debug_macro   0x0000000000001a2e       0x16 ./Src/main.o
 .debug_macro   0x0000000000001a44       0x35 ./Src/main.o
 .debug_macro   0x0000000000001a79       0x16 ./Src/main.o
 .debug_macro   0x0000000000001a8f       0x29 ./Src/main.o
 .debug_macro   0x0000000000001ab8      0x103 ./Src/main.o
 .debug_macro   0x0000000000001bbb      0x1df ./Src/main.o
 .debug_macro   0x0000000000001d9a      0x2c9 ./Src/main.o
 .debug_macro   0x0000000000002063       0x64 ./Src/main.o
 .debug_macro   0x00000000000020c7       0x6a ./Src/main.o
 .debug_macro   0x0000000000002131       0x3a ./Src/main.o
 .debug_macro   0x000000000000216b      0x20d ./Src/stm32f407xx_gpio.o
 .debug_macro   0x0000000000002378       0xff ./Src/stm32f407xx_spi.o
 .debug_macro   0x0000000000002477       0x8e ./Src/stm32f407xx_spi.o
 .debug_macro   0x0000000000002505       0x51 ./Src/stm32f407xx_spi.o
 .debug_macro   0x0000000000002556      0x2c3 ./Src/stm32f407xx_spi.o
 .debug_macro   0x0000000000002819       0x34 ./Src/stm32f407xx_spi.o

.debug_line     0x0000000000000000     0x126b
 .debug_line    0x0000000000000000      0x60d ./Src/main.o
 .debug_line    0x000000000000060d      0x75f ./Src/stm32f407xx_gpio.o
 .debug_line    0x0000000000000d6c      0x47b ./Src/stm32f407xx_spi.o
 .debug_line    0x00000000000011e7       0x84 ./Startup/startup_stm32f407vgtx.o

.debug_str      0x0000000000000000     0x9715
 .debug_str     0x0000000000000000     0x93e6 ./Src/main.o
                                       0x9659 (size before relaxing)
 .debug_str     0x00000000000093e6       0x97 ./Src/stm32f407xx_gpio.o
                                       0x91fc (size before relaxing)
 .debug_str     0x000000000000947d      0x267 ./Src/stm32f407xx_spi.o
                                       0x5080 (size before relaxing)
 .debug_str     0x00000000000096e4       0x31 ./Startup/startup_stm32f407vgtx.o
                                         0x77 (size before relaxing)

.comment        0x0000000000000000       0x53
 .comment       0x0000000000000000       0x53 ./Src/main.o
                                         0x54 (size before relaxing)
 .comment       0x0000000000000053       0x54 ./Src/stm32f407xx_gpio.o
 .comment       0x0000000000000053       0x54 ./Src/stm32f407xx_spi.o

.debug_frame    0x0000000000000000      0x280
 .debug_frame   0x0000000000000000       0x30 ./Src/main.o
 .debug_frame   0x0000000000000030      0x124 ./Src/stm32f407xx_gpio.o
 .debug_frame   0x0000000000000154      0x100 ./Src/stm32f407xx_spi.o
 .debug_frame   0x0000000000000254       0x2c c:/st/stm32cubeide_1.4.0/stm32cubeide/plugins/com.st.stm32cube.ide.mcu.externaltools.gnu-tools-for-stm32.9-2020-q2-update.win32_2.0.0.202105311346/tools/bin/../lib/gcc/arm-none-eabi/9.3.1/../../../../arm-none-eabi/lib/thumb/v7e-m/nofp\libc_nano.a(lib_a-init.o)
