21:49:07 **** Incremental Build of configuration Debug for project 001_HelloLEDLight ****
make -j12 all 
arm-none-eabi-gcc "../Src/main.c" -mcpu=cortex-m4 -std=gnu11 -g3 -DDEBUG -DSTM32 -DSTM32F407G_DISC1 -DSTM32F4 -DSTM32F407VGTx -c -I../Inc -O0 -ffunction-sections -fdata-sections -Wall -fstack-usage -MMD -MP -MF"Src/main.d" -MT"Src/main.o" --specs=nano.specs -mfloat-abi=soft -mthumb -o "Src/main.o"
arm-none-eabi-gcc -o "001_HelloLEDLight.elf" @"objects.list"   -mcpu=cortex-m4 -T"/home/cil/Dokumente/STM32Lab/STM32F407VGT6U/001_HelloWorld/STM32F407VGTX_FLASH.ld" --specs=nosys.specs -Wl,-Map="001_HelloLEDLight.map" -Wl,--gc-sections -static --specs=nano.specs -mfloat-abi=soft -mthumb -Wl,--start-group -lc -lm -Wl,--end-group
Finished building target: 001_HelloLEDLight.elf
 
arm-none-eabi-size   001_HelloLEDLight.elf 
arm-none-eabi-objdump -h -S  001_HelloLEDLight.elf  > "001_HelloLEDLight.list"
   text	   data	    bss	    dec	    hex	filename
   1404	      8	   1568	   2980	    ba4	001_HelloLEDLight.elf
Finished building: default.size.stdout
 
Finished building: 001_HelloLEDLight.list
 

21:49:08 Build Finished. 0 errors, 0 warnings. (took 720ms)

